  Determining projects to restore...
  All projects are up-to-date for restore.
C:\Program Files\dotnet\sdk\10.0.100-rc.1.25451.107\Sdks\Microsoft.NET.Sdk\targets\Microsoft.NET.RuntimeIdentifierInference.targets(345,5): message NETSDK1057: You are using a preview version of .NET. See: https://aka.ms/dotnet-support-policy [E:\Celeste Desolo Zantas\Mods\MaggyHelper\Libs\SpineMonoGame\SpineMonoGame.csproj]
  SpineMonoGame -> E:\Celeste Desolo Zantas\Mods\MaggyHelper\Libs\SpineMonoGame\bin\Debug\netstandard2.0\SpineMonoGame.dll
C:\Program Files\dotnet\sdk\10.0.100-rc.1.25451.107\Sdks\Microsoft.NET.Sdk\targets\Microsoft.NET.RuntimeIdentifierInference.targets(345,5): message NETSDK1057: You are using a preview version of .NET. See: https://aka.ms/dotnet-support-policy [E:\Celeste Desolo Zantas\Mods\MaggyHelper\Source\MaggyHelper.csproj]
  MaggyHelper -> E:\Celeste Desolo Zantas\Mods\MaggyHelper\Source\bin\Debug\net8.0\MaggyHelper.dll

Build succeeded.
    0 Warning(s)
    0 Error(s)

Time Elapsed 00:00:01.92
